// 重构日志: 826f6e92
// 重构日志: 9c747682
// 同步 ID: ab86d39b @ Sat Jul 25 14:42:50 UTC 2026
// 重构日志: bbb51775
// 同步 ID: 98cbd967 @ Sat Jul 25 17:27:18 UTC 2026
// 重构日志: c013caf3
// 重构日志: ebda248d
// 同步 ID: f5e7ac23 @ Wed Jul 29 00:30:45 UTC 2026
// 重构日志: ae96a510
// 重构日志: 0db13234
// 重构日志: b388faa2
// 重构日志: 2c640cb7
// 重构日志: 86641570
// 同步 ID: 31ac7147 @ Sat Aug  1 14:08:33 UTC 2026
// 同步 ID: 2ff0bc7e @ Sat Aug  1 18:02:38 UTC 2026
// 重构日志: 25c6e533
// 重构日志: 4e32437a
// 重构日志: 77c080c3
// 同步 ID: 963e74d2 @ Mon Aug  3 00:49:25 UTC 2026
// 重构日志: 3b65469d
// 重构日志: 5d41f818
// 重构日志: 645dbebe
// 重构日志: 82138ab1
// 重构日志: 4404c946
// 同步 ID: 85b7fbf9 @ Tue Aug  4 15:35:30 UTC 2026
// 重构日志: 4207531d
// 重构日志: ca17fbba
// 同步 ID: ed148ba4 @ Wed Aug  5 07:06:35 UTC 2026
// 重构日志: d6a68d11
// 同步 ID: acc2a9ff @ Thu Aug  6 07:25:55 UTC 2026
// 重构日志: 3216c9d4
